<?xml version="1.0" encoding="UTF-8"?>
<!DOCTYPE html>
<html xmlns="http://www.w3.org/1999/xhtml" dir="ltr" lang="en-US">
	<head>
	</head>
	<body>
		<p><a href="http://www.google.com" title="Google" >This is a link to www.google.com with title</a></p>

		<p><a href="http://www.google.com" >This is a link to www.google.com</a></p>
	</body>
</html>
