<?xml version="1.0" encoding="UTF-8" ?>
<!DOCTYPE html>
<html xmlns="http://www.w3.org/1999/xhtml" dir="ltr" lang="en-US">
    <head>
    </head>
    <body>
        <div class="regionParam">
            <p>Block region</p>
        </div>

        <p>Paragraph between.</p>

        <div class="none">
            <ul>
                <li>
                    <p>item</p>
                </li>
                <li>
                    <p>item</p>
                    <ul>
                        <li>
                            <p>nested item</p>
                        </li>
                    </ul>
                </li>
                <li>
                    <p>item</p>
                    <ul>
                        <li>
                            <p>nested item</p>
                        </li>
                    </ul>
                </li>
            </ul>
        </div>

        <div class="none">
            <ul>
                <li>
                    <p>
                        item
                    </p>
                </li>
                <li>
                    <p>
                        item
                    </p>
                    <ul>
                        <li>
                            <p>
                                nested item
                            </p>
                        </li>
                    </ul>
                </li>
                <li>
                    <p>item</p>
                    <ul>
                        <li>
                            <p>
                                nested item
                            </p>
                        </li>
                    </ul>
                </li>
            </ul>
        </div>

        <div class="none">
            <ul>
                <li>
                    <p>
                        item
                    </p>
                </li>
                <li>
                    <p>item</p>
                    <pre class="prettyprint"><code>* nested item</code></pre>
                </li>
                <li>
                    <p>item</p>
                    <pre class="prettyprint"><code>* nested item</code></pre>
                </li>
            </ul>
        </div>
        
        <p>
            <div class="regionParam2">
                <p>Single line region</p>
            </div>
        </p>
    </body>
</html>
