<?xml version="1.0" encoding="UTF-8"?>
<!DOCTYPE html>
<html xmlns="http://www.w3.org/1999/xhtml" dir="ltr" lang="en-US">
    <head>
    </head>
    <body>
        <a href="..\Editor\index.html">
            <div class="item">
                <p><img alt="Test A" src="./../../images\Editor\editor_topic.Jpeg" /></p>
                <div class="info">
                    <div class="title">
                        <p>Test A</p>
                    </div>
                    <div class="content">
                        <div class="description">
                            <p>Test B</p>
                        </div>
                    </div>
                </div>
            </div>
        </a>
        <table>
            <caption></caption>
            <col  align="" />
            <col  align="" />
            <thead>
                <tr>
                    <th rowspan="1" colspan="1">
                        Table Col A
                    </th>
                    <th rowspan="1" colspan="1">
                        Table Col B
                    </th>
                </tr>
            </thead>
            <tbody>
                <tr>
                    <td rowspan="1" colspan="1" align="">
                        cell A
                    </td>
                    <td rowspan="1" colspan="1" align="">
                        cell B
                    </td>
                </tr>
            </tbody>
        </table>
        
        <p>
            Normal paragraph Test Var. Normal paragraph Test Var. Normal paragraph
            Test Var. Normal paragraph Test Var. Normal paragraph Test Var. Normal
            paragraph Test Var. Normal paragraph Test Var. Normal paragraph Test Var.
            Normal paragraph Test Var. Normal paragraph Test Var. Normal paragraph
            Test Var.
        </p>

        <pre class="prettyprint"><code>Code block test %TestVar%. Code block test. Code block test. Code block test
%TestVar%. Code block test. Code block test. Code block test %TestVar%.
Code block test. Code block test. Code block test %TestVar%. Code block
test. Code block test.</code></pre>

        <ol>
            <li>
                <p>
                    List test Test Var. List test Test Var. List test Test Var. List test
                    Test Var. List test Test Var. List test Test Var. List test Test Var.
                    List test Test Var. List test Test Var. List test Test Var.
                </p>

                <pre class="prettyprint"><code>Code block test %TestVar%. Code block test. Code block test. Code block test
%TestVar%. Code block test. Code block test. Code block test %TestVar%.
Code block test. Code block test. Code block test %TestVar%. Code block
test. Code block test.</code></pre>
            </li>

            <li>
                <p>
                    List test Test Var. List test Test Var. List test Test Var. List test
                    Test Var. List test Test Var. List test Test Var. List test Test Var.
                    List test Test Var. List test Test Var. List test Test Var.
                </p>
            </li>
        </ol>

        <div class="testClass">
            <p>
                Test Region
            </p>
        </div>
    </body>
</html>
