<?xml version="1.0" encoding="UTF-8"?>
<!DOCTYPE html>
<html xmlns="http://www.w3.org/1999/xhtml" dir="ltr" lang="en-US">
	<head>
	</head>
	<body>
		<pre class="prettyprint"><code>#include &lt;iostream&gt;

int main(void)
{
    std::cout &lt;&lt; "Hello World!" &lt;&lt; std::endl;
}</code></pre>
        
        <p><code>Inline code block</code> paragraph end.</p>
        
	    <ol >
	        <li>
	            <p>List item</p>
                <pre class="prettyprint"><code>Code block with a tab at the end. The tab is important for the test purpose.</code></pre>
	        </li>
	    </ol>
        
	    <pre class="prettyprint"><code>Last code block in the file
has to be two-lines code block.</code></pre>
	</body>
</html>
