<?xml version="1.0" encoding="UTF-8"?>
<!DOCTYPE html>
<html xmlns="http://www.w3.org/1999/xhtml" dir="ltr" lang="en-US">
    <head>
    </head>
    <body>
        <ol>
            <li><p>Item 1.</p></li>
            <li><p>Item 2.</p></li>
            <li><p>Item 3.</p></li>
        </ol>
        
        <ol>
            <li><p>Item 1.</p></li>
            <li><p>Item 2.</p></li>
            <li><p>Item 3.</p></li>
        </ol>
        
        <ol>
            <li><p>Item 1.</p></li>
            <li><p>Item 2.</p></li>
            <li><p>Item 3.</p></li>
        </ol>
        
        <pre class="prettyprint"><code>Licensee code block
Licensee 2 code block</code></pre>
        
        <div class="topic">
	        <div class="icon">
		        <p>Test icon.</p>
	        </div>
	        <div class="wrapper transparent">
		        <div class="largetitle">
			        <p>Test title.</p>
		        </div>
		        <p>Licensee paragraph fragment.</p>
		        <div class="arrowlist">
			        <p>Test links.</p>
		        </div>
	        </div>
        </div>
    </body>
</html>
