<?xml version="1.0" encoding="UTF-8"?>
<!DOCTYPE html>
<html xmlns="http://www.w3.org/1999/xhtml" dir="ltr" lang="en-US">
	<head>
	</head>
	<body>
		<p><img alt="Alt text" src="./../../images\Temp\ue4.Jpeg" /></p>
		<p><img alt="Alt text" title="Optional title" src="./../../images\Temp\ue4.Jpeg" /></p>
		<p><img alt="Alt text" width="123" height="456" style="float: left;" src="./../../images\Temp\ue4.Png" /></p>
	</body>
</html>
