<?xml version="1.0" encoding="UTF-8"?>
<!DOCTYPE html>
<html xmlns="http://www.w3.org/1999/xhtml" dir="ltr" lang="en-US">
    <head>
    </head>
    <body>
        <h1 id="header1">Header 1</h1>
        <p>
            This is a paragraph.
        </p>
        <h2 id="header2">Header 2</h2>
        <p>
            This is a paragraph.
        </p>
        <h1 id="secondheader2">Second Header 2</h1>
        <p>
            This is a paragraph.
        </p>
        <h2 id="secondheader1">Second Header 1</h2>
        <p>
            This is a paragraph.
        </p>
    </body>
</html>
