<?xml version="1.0" encoding="UTF-8"?>
<!DOCTYPE html>
<html xmlns="http://www.w3.org/1999/xhtml" dir="ltr" lang="en-US">
    <head>
    </head>
    <body>
        <p>
            <span><p>Content</p></span>
        </p>

        <p>
            This is a paragraph.
        </p>
        
        <div text="">
            <p>Content</p>
        </div>

        <p>
            This is another paragraph.
        </p>
    </body>
 </html>
