<?xml version="1.0" encoding="UTF-8"?>
<!DOCTYPE html>
<html xmlns="http://www.w3.org/1999/xhtml" dir="ltr" lang="en-US">
    <head>
    </head>
    <body>
        <div class="topic">
            <div class="icon">
                <p><img alt="start_icon.png" src="./../../images\.\start_icon.Png" /></p>
            </div>

            <div class="wrapper transparent">
                <div class="largetitle">
                    <p>Test title</p>
                </div>
                
                <p>Test description.</p>
                
                <div class="topic">
                    <div class="icon">
                        <p><img alt="start_icon.png" src="./../../images\.\start_icon.Png" /></p>
                    </div>
                    
                    <div class="wrapper transparent">
                        <div class="largetitle">
                            <p>Test title</p>
                        </div>
                        
                        <p>Test description.</p>
                        
                        <div class="arrowlist">
                            <ul>
                                <li>
                                    <p><a href="..\Support\Builds\index.html">Test link A</a> single list item in param</p>
                                </li>
                            </ul>
                        </div>
                    </div>
                </div>
                
                <div class="arrowlist">
                    <ul>
                        <li>
                            <p><a href="..\Support\Builds\index.html">Test link A</a></p>
                        </li>
                        <li>
                            <p><a href="..\GettingStarted\Basics\RecommendedSpecifications\index.html">Test link B</a></p>
                        </li>
                        <li>
                            <p><a href="..\GettingStarted\Basics\DownloadingUnrealEngine\index.html">Test link C</a></p>
                        </li>
                    </ul>
                </div>
            </div>
        </div>
    </body>
</html>
