<?xml version="1.0" encoding="UTF-8"?>
<!DOCTYPE html>
<html xmlns="http://www.w3.org/1999/xhtml" dir="ltr" lang="en-US">
    <head>
    </head>
    <body>
        <p>
            Paragraph.
        </p>
        <hr />
        <p>
            Paragraph.
        </p>
        <hr />
        <p>
            Paragraph.
        </p>
        <hr />
        <p>
            Paragraph.
        </p>
        <hr />
        <p>
            Paragraph.
        </p>
        <hr />
        <p>
            Paragraph.
        </p>
    </body>
</html>
