<?xml version="1.0" encoding="UTF-8"?>
<!DOCTYPE html>
<html xmlns="http://www.w3.org/1999/xhtml" dir="ltr" lang="en-US">
    <head>
    </head>
    <body>
        <p>First sentence. The rest of the comment.</p>
        
        <table>
            <caption></caption>
            <col  align="" />
            <col  align="" />
            <thead>
                <tr>
                    <th rowspan="1" colspan="1">
                        test table header A 
                    </th>
                    <th rowspan="1" colspan="1">
                        test table header B 
                    </th>
                </tr>
            </thead>
            <tbody>
                <tr>
                    <td rowspan="1" colspan="1" align="">
                        test table cell A
                    </td>
                    <td rowspan="1" colspan="1" align="">
                        <p>First sentence. The rest of the comment.</p>
                    </td>
                </tr>
            </tbody>
        </table>
        
        <p>Returns the instigator for this actor, or NULL if there is none.</p>
        
        <p>Get the instigator, given a specific class.</p>
    </body>
</html>
